Default metric period is 5 because BrierScore is/are not implemented for GPU
Metric BrierScore is not implemented on GPU. Will use CPU for metric computation, this could significantly affect learning time
Default metric period is 5 because BrierScore is/are not implemented for GPU
Metric BrierScore is not implemented on GPU. Will use CPU for metric computation, this could significantly affect learning time
Default metric period is 5 because BrierScore is/are not implemented for GPU
Metric BrierScore is not implemented on GPU. Will use CPU for metric computation, this could significantly affect learning time
Default metric period is 5 because BrierScore is/are not implemented for GPU
Metric BrierScore is not implemented on GPU. Will use CPU for metric computation, this could significantly affect learning time
Default metric period is 5 because BrierScore is/are not implemented for GPU
Metric BrierScore is not implemented on GPU. Will use CPU for metric computation, this could significantly affect learning time
Default metric period is 5 because BrierScore is/are not implemented for GPU
Metric BrierScore is not implemented on GPU. Will use CPU for metric computation, this could significantly affect learning time
Default metric period is 5 because BrierScore is/are not implemented for GPU
Metric BrierScore is not implemented on GPU. Will use CPU for metric computation, this could significantly affect learning time
Default metric period is 5 because BrierScore is/are not implemented for GPU
Metric BrierScore is not implemented on GPU. Will use CPU for metric computation, this could significantly affect learning time
Default metric period is 5 because BrierScore is/are not implemented for GPU
Metric BrierScore is not implemented on GPU. Will use CPU for metric computation, this could significantly affect learning time
Default metric period is 5 because BrierScore is/are not implemented for GPU
Metric BrierScore is not implemented on GPU. Will use CPU for metric computation, this could significantly affect learning time
0:	learn: 0.2495352	test: 0.2499759	best: 0.2499759 (0)	total: 162ms	remaining: 1m 53s
bestTest = 0.2499759222
bestIteration = 0
Shrink model to first 1 iterations.
0:	learn: 0.2496484	total: 49.9ms	remaining: 0us
0:	learn: 0.2495320	test: 0.2499746	best: 0.2499746 (0)	total: 146ms	remaining: 1m 41s
bestTest = 0.2499433534
bestIteration = 2
Shrink model to first 3 iterations.
0:	learn: 0.2496476	total: 49.1ms	remaining: 98.1ms
2:	learn: 0.2490144	total: 136ms	remaining: 0us
0:	learn: 0.2495324	test: 0.2499747	best: 0.2499747 (0)	total: 150ms	remaining: 1m 44s
bestTest = 0.2499464446
bestIteration = 2
Shrink model to first 3 iterations.
0:	learn: 0.2496464	total: 58.8ms	remaining: 118ms
2:	learn: 0.2490082	total: 155ms	remaining: 0us
0:	learn: 0.2495253	test: 0.2497315	best: 0.2497315 (0)	total: 78.2ms	remaining: 54.6s
100:	learn: 0.2423403	test: 0.2459922	best: 0.2459742 (89)	total: 8.39s	remaining: 49.8s
bestTest = 0.2459741975
bestIteration = 89
Shrink model to first 90 iterations.
0:	learn: 0.2495611	total: 37.1ms	remaining: 3.3s
89:	learn: 0.2432927	total: 3s	remaining: 0us
0:	learn: 0.2495657	test: 0.2494838	best: 0.2494838 (0)	total: 112ms	remaining: 1m 18s
100:	learn: 0.2428323	test: 0.2434482	best: 0.2434469 (99)	total: 12.1s	remaining: 1m 11s
200:	learn: 0.2419777	test: 0.2434539	best: 0.2434240 (162)	total: 23.7s	remaining: 58.8s
bestTest = 0.2434239587
bestIteration = 162
Shrink model to first 163 iterations.
0:	learn: 0.2495255	total: 43.1ms	remaining: 6.99s
100:	learn: 0.2430415	total: 3.92s	remaining: 2.41s
162:	learn: 0.2425103	total: 6.33s	remaining: 0us
